// Jest Snapshot v1, https://goo.gl/fbAQLP

exports[`user matches 1`] = `
Object {
  "age": 28,
  "job": "Developer",
  "name": "Edimo Sousa Silva",
}
`;
